21.04.2025 01:19:58.249: ##############Virtual order #102308758 was removed from opened list. XAUUSD Profit: -0.51
21.04.2025 01:19:58.249: [IC]: Order #1111590180[XAUUSD] was closed by lock at price 3394.91. <<Execution time: 536 ms. Slippage: -3>>
21.04.2025 01:19:57.713: Locking order #102308758[XAUUSD.r] ( Hidden StopLoss 3394.90 was trigged at price 3394.90). Current spread: 12Price shift: 
21.04.2025 01:19:17.866: Order #102308758[XAUUSD.r] was modified (initial virtual SL=3394.90 and TP=3364.40 applied)
21.04.2025 01:19:17.866: Virtual order  exoid:102308758 sell MARKET 0.01 XAUUSD.r at 3394.4 was created
21.04.2025 01:19:17.866: [FP]: Order #102308758[XAUUSD.r] was closed by arbitrage at price 3394.40. <<Execution time: 37 ms. Slippage: 8>>
21.04.2025 01:19:17.829: [FP]: Sell difference 31.0(30.0) points detected on XAUUSD(c_-812902024). Spread Fast/Slow:65.0/12.0. Bid Fast/Slow:3394.06/3394.49. Ask Fast/Slow:3394.71/3394.61. Offset Bid/Ask:0.0/0.0 Async time: 0 ms
21.04.2025 01:14:19.889: Order #102308758 was locked with order #1111590180
21.04.2025 01:14:19.889: [IC]: order  exoid:1111590180 sell MARKET 0.01 XAUUSD at 3394.16[XAUUSD] was opened. <<Execution time:277 ms. Slippage:-9>>
21.04.2025 01:14:19.611: Locking order #102308758[XAUUSD.r] ( Hidden StopLoss 3393.84 was trigged at price 3393.83). Current spread: 12Price shift: 
21.04.2025 01:14:19.010: Modifying hidden S/L for order #102308758[XAUUSD.r] to 3393.84 (Trailing). Current price=3393.89
21.04.2025 01:14:18.522: Modifying hidden S/L for order #102308758[XAUUSD.r] to 3393.82 (Trailing). Current price=3393.87
21.04.2025 01:14:08.113: Modifying hidden S/L for order #102308758[XAUUSD.r] to 3393.71 (Trailing). Current price=3393.76
21.04.2025 01:14:07.118: Modifying hidden S/L for order #102308758[XAUUSD.r] to 3393.69 (Trailing). Current price=3393.74
21.04.2025 01:14:07.012: Modifying hidden S/L for order #102308758[XAUUSD.r] to 3393.67 (Trailing). Current price=3393.72
21.04.2025 01:14:06.914: Modifying hidden S/L for order #102308758[XAUUSD.r] to 3393.66 (Trailing). Current price=3393.71
21.04.2025 01:14:06.819: Modifying hidden S/L for order #102308758[XAUUSD.r] to 3393.64 (Trailing). Current price=3393.69
21.04.2025 01:13:42.773: Order #102308758[XAUUSD.r] was modified (initial virtual SL=3392.99 and TP=3423.49 applied)
21.04.2025 01:13:42.773: [FP]: order  exoid:102308758 buy MARKET 0.01 XAUUSD.r at 3393.49 [XAUUSD.r] was opened. <<Execution time:28 ms. Slippage:14>>
21.04.2025 01:13:42.745: [FP]: Buy difference 34.0(30.0) points detected on XAUUSD(c_-812902024). Spread Fast/Slow:62.0/10.0. Bid Fast/Slow:3393.16/3393.24. Ask Fast/Slow:3393.78/3393.34. Offset Bid/Ask:0.0/0.0 Async time: 0 ms
21.04.2025 01:13:40.317: Strategy started ...
